// Jest Snapshot v1, https://goo.gl/fbAQLP

exports[`PropertyCardList Snapshot 1`] = `
<body>
  <div>
    <div>
      <div
        class="sc-190q6or-1 eAeSKd"
      >
        <h2
          class="sc-190q6or-0 kNHuAs"
        >
          Asset Pools
        </h2>
        <div
          class="sc-13ny1rq-0 ggJhQA"
        >
          <form
            class="ant-form ant-form-horizontal"
          >
            <div
              class="ant-row"
            >
              <div
                class="ant-col ant-col-sm-30 ant-col-md-100"
              >
                <div
                  class="ant-row ant-form-item sc-13ny1rq-1 byqHze"
                >
                  <div
                    class="ant-col ant-col-18 ant-form-item-control"
                  >
                    <div
                      class="ant-form-item-control-input"
                    >
                      <div
                        class="ant-form-item-control-input-content"
                      >
                        <span
                          class="ant-input-search ant-input-search-enter-button ant-input-group-wrapper"
                        >
                          <span
                            class="ant-input-wrapper ant-input-group"
                          >
                            <input
                              class="ant-input"
                              id="searchWord"
                              placeholder="input property search word"
                              type="text"
                              value=""
                            />
                            <span
                              class="ant-input-group-addon"
                            >
                              <button
                                class="ant-btn ant-input-search-button ant-btn-primary"
                                type="button"
                              >
                                <span
                                  aria-label="search"
                                  class="anticon anticon-search"
                                  role="img"
                                >
                                  <svg
                                    aria-hidden="true"
                                    class=""
                                    data-icon="search"
                                    fill="currentColor"
                                    focusable="false"
                                    height="1em"
                                    viewBox="64 64 896 896"
                                    width="1em"
                                  >
                                    <path
                                      d="M909.6 854.5L649.9 594.8C690.2 542.7 712 479 712 412c0-80.2-31.3-155.4-87.9-212.1-56.6-56.7-132-87.9-212.1-87.9s-155.5 31.3-212.1 87.9C143.2 256.5 112 331.8 112 412c0 80.1 31.3 155.5 87.9 212.1C256.5 680.8 331.8 712 412 712c67 0 130.6-21.8 182.7-62l259.7 259.6a8.2 8.2 0 0011.6 0l43.6-43.5a8.2 8.2 0 000-11.6zM570.4 570.4C528 612.7 471.8 636 412 636s-116-23.3-158.4-65.6C211.3 528 188 471.8 188 412s23.3-116.1 65.6-158.4C296 211.3 352.2 188 412 188s116.1 23.2 158.4 65.6S636 352.2 636 412s-23.3 116.1-65.6 158.4z"
                                    />
                                  </svg>
                                </span>
                              </button>
                            </span>
                          </span>
                        </span>
                      </div>
                    </div>
                  </div>
                </div>
              </div>
            </div>
          </form>
        </div>
        <div
          class=" css-2b097c-container"
        >
          <div
            class=" css-yk16xz-control"
          >
            <div
              class=" css-g1d714-ValueContainer"
            >
              <div
                class=" css-1wa3eu0-placeholder"
              >
                Select...
              </div>
              <div
                class="css-b8ldur-Input"
              >
                <div
                  class=""
                  style="display: inline-block;"
                >
                  <input
                    aria-autocomplete="list"
                    autocapitalize="none"
                    autocomplete="off"
                    autocorrect="off"
                    id="react-select-2-input"
                    spellcheck="false"
                    style="box-sizing: content-box; width: 2px; border: 0px; opacity: 1; outline: 0; padding: 0px;"
                    tabindex="0"
                    type="text"
                    value=""
                  />
                  <div
                    style="position: absolute; top: 0px; left: 0px; visibility: hidden; height: 0px; overflow: scroll; white-space: pre; font-family: -webkit-small-control; letter-spacing: normal; text-transform: none;"
                  />
                </div>
              </div>
            </div>
            <div
              class=" css-1hb7zxy-IndicatorsContainer"
            >
              <span
                class=" css-1okebmr-indicatorSeparator"
              />
              <div
                aria-hidden="true"
                class=" css-tlfecz-indicatorContainer"
              >
                <svg
                  aria-hidden="true"
                  class="css-6q0nyr-Svg"
                  focusable="false"
                  height="20"
                  viewBox="0 0 20 20"
                  width="20"
                >
                  <path
                    d="M4.516 7.548c0.436-0.446 1.043-0.481 1.576 0l3.908 3.747 3.908-3.747c0.533-0.481 1.141-0.446 1.574 0 0.436 0.445 0.408 1.197 0 1.615-0.406 0.418-4.695 4.502-4.695 4.502-0.217 0.223-0.502 0.335-0.787 0.335s-0.57-0.112-0.789-0.335c0 0-4.287-4.084-4.695-4.502s-0.436-1.17 0-1.615z"
                  />
                </svg>
              </div>
            </div>
          </div>
        </div>
        <div
          class="sc-190q6or-2 ibdKho"
        >
          <button
            class="sc-190q6or-3 hEfuyl"
          >
            <div
              class="sc-190q6or-4 eAuiLt"
            />
            <span>
              DEV
            </span>
          </button>
          <button
            class="sc-190q6or-3 easMKA"
          >
            <div
              class="sc-190q6or-4 izeWJB"
            />
            <span>
              USD
            </span>
          </button>
        </div>
      </div>
      <div
        style="display: grid; grid-template-columns: 1fr 1fr 1fr; row-gap: 0; column-gap: 15px;"
      >
        <div
          style="margin: 54px 0px;"
        >
          <div
            class="k29mxm-0 krPmw"
          >
            <div
              class="k29mxm-2 k29mxm-3 lgkbvc"
            >
              <img
                height="auto"
                src="https://res.cloudinary.com/haas-storage/image/upload/v1597910958/Screenshot_from_2020-08-20_10-08-09-removebg-preview_td5opp.png"
                width="auto"
              />
            </div>
            <span
              class="k29mxm-4 fwFNhS"
            >
              authentication-id
            </span>
            <p
              style="color: grey; padding: 0px 16px 16px 16px; flex-grow: 1; margin: 0px;"
            >
              Tempor est reprehenderit ut consectetur laboris incididunt pariatur. Ut consectetur voluptate officia sunt sunt nisi occaecat sunt incididunt.
            </p>
            <div
              class="k29mxm-12 hXnZJj"
            >
              <img
                height="60"
                src="https://res.cloudinary.com/haas-storage/image/upload/v1598963050/72989_gve7hf.jpg"
                width="60"
              />
              <div
                class="k29mxm-13 jVvUHb"
              >
                <span
                  style="font-weight: lighter;"
                >
                  Creator
                </span>
                <span
                  style="color: rgb(26, 201, 252);"
                >
                  Kazupon
                </span>
                <span>
                  5.000 karma
                </span>
              </div>
            </div>
            <div
              class="k29mxm-1 gLwfrJ"
            >
              <div
                class="k29mxm-5 gJoASB"
              >
                <span>
                  5000
                   DEV
                </span>
                <span
                  class="k29mxm-11 gqviUi"
                >
                  Your stake
                </span>
              </div>
              <div
                class="k29mxm-6 YyLvf"
              >
                <span>
                  10000
                   DEV
                </span>
                <span
                  class="k29mxm-11 gqviUi"
                >
                  Total staked
                </span>
              </div>
            </div>
            <div
              class="k29mxm-7 k29mxm-8 kbQApM"
            >
              <button
                class="k29mxm-9 hvCepL"
              >
                Stake
              </button>
              <button
                class="k29mxm-10 eWTCfn"
              >
                Withdraw
              </button>
            </div>
          </div>
        </div>
        <div
          style="grid-column: 1/-1;"
        >
          <ul
            class="ant-pagination"
            style="margin: 0px 0px 20px 50%;"
            unselectable="unselectable"
          >
            <li
              aria-disabled="true"
              class="ant-pagination-prev ant-pagination-disabled"
              title="Previous Page"
            >
              <a
                class="ant-pagination-item-link"
                disabled=""
              >
                <span
                  aria-label="left"
                  class="anticon anticon-left"
                  role="img"
                >
                  <svg
                    aria-hidden="true"
                    class=""
                    data-icon="left"
                    fill="currentColor"
                    focusable="false"
                    height="1em"
                    viewBox="64 64 896 896"
                    width="1em"
                  >
                    <path
                      d="M724 218.3V141c0-6.7-7.7-10.4-12.9-6.3L260.3 486.8a31.86 31.86 0 000 50.3l450.8 352.1c5.3 4.1 12.9.4 12.9-6.3v-77.3c0-4.9-2.3-9.6-6.1-12.6l-360-281 360-281.1c3.8-3 6.1-7.7 6.1-12.6z"
                    />
                  </svg>
                </span>
              </a>
            </li>
            <li
              class="ant-pagination-item ant-pagination-item-1 ant-pagination-item-active"
              tabindex="0"
              title="1"
            >
              <a>
                1
              </a>
            </li>
            <li
              class="ant-pagination-item ant-pagination-item-2"
              tabindex="0"
              title="2"
            >
              <a>
                2
              </a>
            </li>
            <li
              class="ant-pagination-item ant-pagination-item-3"
              tabindex="0"
              title="3"
            >
              <a>
                3
              </a>
            </li>
            <li
              class="ant-pagination-item ant-pagination-item-4"
              tabindex="0"
              title="4"
            >
              <a>
                4
              </a>
            </li>
            <li
              class="ant-pagination-item ant-pagination-item-5"
              tabindex="0"
              title="5"
            >
              <a>
                5
              </a>
            </li>
            <li
              aria-disabled="false"
              class="ant-pagination-next"
              tabindex="0"
              title="Next Page"
            >
              <a
                class="ant-pagination-item-link"
              >
                <span
                  aria-label="right"
                  class="anticon anticon-right"
                  role="img"
                >
                  <svg
                    aria-hidden="true"
                    class=""
                    data-icon="right"
                    fill="currentColor"
                    focusable="false"
                    height="1em"
                    viewBox="64 64 896 896"
                    width="1em"
                  >
                    <path
                      d="M765.7 486.8L314.9 134.7A7.97 7.97 0 00302 141v77.3c0 4.9 2.3 9.6 6.1 12.6l360 281.1-360 281.1c-3.9 3-6.1 7.7-6.1 12.6V883c0 6.7 7.7 10.4 12.9 6.3l450.8-352.1a31.96 31.96 0 000-50.4z"
                    />
                  </svg>
                </span>
              </a>
            </li>
          </ul>
        </div>
      </div>
    </div>
  </div>
</body>
`;
