// Jest Snapshot v1, https://goo.gl/fbAQLP

exports[`WithdrawForm Snapshot 1`] = `
<body>
  <div>
    <div
      class="sc-1xz1jp7-0 jyGBzw"
    >
      <p>
        Withdraw 
        Creators
         Reward
      </p>
      <div
        class="sc-1xz1jp7-1 eWFbMA"
      >
        <div
          class="sc-1xz1jp7-2 cBVrPw"
        >
          1000
           DEV
        </div>
        <div
          class="ant-alert ant-alert-error ant-alert-no-icon"
          data-show="true"
        >
          <span
            class="ant-alert-message"
          >
            Sorry, we are temporarily stopping the rewards withdrawal at the moment, for a patch. This should take a few hours to complete.
          </span>
          <span
            class="ant-alert-description"
          />
        </div>
        <button
          class="ant-btn ant-btn-primary ant-btn-lg"
          disabled=""
          type="button"
        >
          <span>
            Withdraw
          </span>
        </button>
      </div>
    </div>
  </div>
</body>
`;
