// Jest Snapshot v1, https://goo.gl/fbAQLP

exports[`CancelStaking Snapshot 1`] = `
<body>
  <div>
    <div
      class="dy1yq4-0 dLtIEa"
    >
      <p>
        Cancel Staking
      </p>
      <div
        class="ant-alert ant-alert-error ant-alert-no-icon"
        data-show="true"
      >
        <span
          class="ant-alert-message"
        >
          Sorry, we are temporarily stopping the cancellation of staking at the moment, for a patch. This should take a few hours to complete.
        </span>
        <span
          class="ant-alert-description"
        />
      </div>
      <div
        class="ant-space ant-space-horizontal ant-space-align-center"
      >
        <div
          class="ant-space-item"
          style="margin-right: 16px;"
        >
          <button
            class="ant-btn ant-btn-primary ant-btn-lg"
            disabled=""
            type="button"
          >
            <span>
              Cancel
            </span>
          </button>
        </div>
        <div
          class="ant-space-item"
          style="margin-right: 16px;"
        >
          <button
            class="ant-btn ant-btn-primary ant-btn-lg"
            disabled=""
            type="button"
          >
            <span>
              Withdraw
            </span>
          </button>
        </div>
        <div
          class="ant-space-item"
        >
          <div />
        </div>
      </div>
    </div>
  </div>
</body>
`;
