// Jest Snapshot v1, https://goo.gl/fbAQLP

exports[`ButtonCard Snapshot 1`] = `
<body>
  <div>
    <div
      class="ant-card ant-card-bordered"
    >
      <div
        class="ant-card-body"
      >
        <div
          class="ant-row"
        >
          <div
            class="ant-col"
            style="display: flex; align-items: center; flex: 1 1 252px;"
          >
            <span
              class="sc-AxjAm ldzVrk"
            >
              Cancel Staking
            </span>
          </div>
          <div
            class="ant-col"
            style="flex: 1 1 252px;"
          >
            <button
              class="ant-btn ant-btn-primary ant-btn-lg"
              type="button"
            >
              <span>
                Cancel
              </span>
            </button>
          </div>
        </div>
      </div>
    </div>
  </div>
</body>
`;
