// Jest Snapshot v1, https://goo.gl/fbAQLP

exports[`PropertyHeader Snapshot 1`] = `
<body>
  <div>
    <div
      class="sc-1bnntxi-0 bxakBm"
    >
      <div
        class="address"
      >
        authentication-id's Pool
      </div>
      <div
        class="sc-1bnntxi-1 fvcifg"
      >
        <span
          class="sc-1bnntxi-2 DQYPT"
        >
          <span>
            N/A% APY Stakers | 
          N/A% APY Creators
          </span>
        </span>
        <button
          class="sc-1bnntxi-3 fQeOFO"
        >
          Buy DEV
        </button>
      </div>
    </div>
  </div>
</body>
`;
