// Jest Snapshot v1, https://goo.gl/fbAQLP

exports[`PossessionOutline Snapshot 1`] = `
<body>
  <div>
    <div
      class="zlzook-0 kMYijo"
    >
      <div
        class="zlzook-1 jeAHgc"
      >
        <h3>
          Total Staking Amount
        </h3>
        <h3>
          10000
           DEV
        </h3>
      </div>
      <div
        class="zlzook-1 jeAHgc"
      >
        <h3>
          Your Staking Amount
        </h3>
        <h3>
          5000
           DEV
        </h3>
      </div>
      <div
        class="zlzook-1 jeAHgc"
      >
        <h3>
          Your Staking Share
        </h3>
        <h3>
          50
          %
        </h3>
      </div>
      <div
        class="zlzook-1 jeAHgc"
      >
        <h3>
          Total Rewards
        </h3>
        <h3>
          10000
           DEV
        </h3>
      </div>
    </div>
  </div>
</body>
`;
