// Jest Snapshot v1, https://goo.gl/fbAQLP

exports[`Banner Snapshot 1`] = `
<body>
  <div>
    <div
      class="sc-3hjy97-5 fvdosg"
    >
      <div
        style="max-width: 1048px; margin-right: auto; margin-left: auto; background: black;"
      >
        <div
          class="sc-3hjy97-0 fNGxFA"
        >
          <div
            class="sc-3hjy97-1 dFcZqC"
          >
            <h1
              class="sc-3hjy97-2 hvUJYs"
              color="white"
            >
              A Sustainable Economy
            </h1>
            <h1
              class="sc-3hjy97-2 hvUJYs"
              color="white"
            >
              for Open Assets
            </h1>
            <span
              class="sc-3hjy97-4 dIbgeB"
            >
              read more
            </span>
          </div>
          <div
            class="sc-3hjy97-3 rZUOO"
          >
            <img
              class="sc-3hjy97-6 iRZdzq"
              src="https://res.cloudinary.com/haas-storage/image/upload/v1598697538/background_wmc31h.png"
            />
          </div>
        </div>
      </div>
    </div>
  </div>
</body>
`;
