// Jest Snapshot v1, https://goo.gl/fbAQLP

exports[`UserProfile Snapshot 1`] = `
<body>
  <div>
    <div
      class="sc-1wzqvkc-0 fMjlez"
    >
      <section
        class="sc-4avdzt-0 bzVcJB"
      >
        <div
          class="sc-4avdzt-1 hrwTlG"
        >
          Your Address
        </div>
        <div
          class="sc-4avdzt-2 gnKTmS"
        >
          -
        </div>
      </section>
      <section
        class="sc-4avdzt-0 bzVcJB"
      >
        <div
          class="sc-4avdzt-1 hrwTlG"
        >
          Display name
        </div>
        <div
          class="sc-4avdzt-2 gnKTmS"
        >
          (Not set)
        </div>
      </section>
      <section
        class="sc-4avdzt-0 bzVcJB"
      >
        <form
          class="ant-form ant-form-horizontal"
        >
          <div
            class="ant-row"
          >
            <div
              class="ant-col"
              style="flex: 1 1 252px;"
            >
              <div
                class="ant-row ant-form-item"
              >
                <div
                  class="ant-col ant-col-22 ant-form-item-control"
                >
                  <div
                    class="ant-form-item-control-input"
                  >
                    <div
                      class="ant-form-item-control-input-content"
                    >
                      <input
                        class="ant-input"
                        id="name"
                        placeholder="Enter the new display name"
                        type="text"
                        value=""
                      />
                    </div>
                  </div>
                </div>
              </div>
            </div>
            <div
              class="ant-col"
              style="flex: 1 1 252px;"
            >
              <div
                class="ant-space ant-space-vertical"
              >
                <div
                  class="ant-space-item"
                >
                  <button
                    class="ant-btn ant-btn-primary"
                    type="submit"
                  >
                    <span>
                      Sign to Save
                    </span>
                  </button>
                </div>
              </div>
            </div>
          </div>
        </form>
      </section>
    </div>
  </div>
</body>
`;
